# Generated with:  https://github.com/hectorm/hblock
# Blocked domains: 1

# BEGIN BLOCKLIST
0.0.0.0 example.com
# END BLOCKLIST
