Illegal option -I
Try 'hblock --help' for more information
