// Generated with:  https://github.com/hectorm/hblock
// Blocked domains: 0
